// Jest Snapshot v1, https://goo.gl/fbAQLP

exports[`SearchPage should match snapshot 1`] = `
<div
  className="SearchPage"
>
  <form
    className="search-form"
    onSubmit={[Function]}
  >
    <p
      className="search-msg"
    >
      Search for HIV/STD tesing centers near you
    </p>
    <input
      className="search-input"
      name="zipcode"
      onChange={[Function]}
      placeholder="Enter zipcode..."
      type="text"
      value=""
    />
    <div
      className="distance-holder"
    >
      <select
        className="search-input"
        name="distance"
        onChange={[Function]}
      >
        <option
          disabled={true}
          selected={true}
          value=""
        >
          Select distance...
        </option>
        <option
          value="10"
        >
          10 miles
        </option>
        <option
          value="20"
        >
          20 miles
        </option>
        <option
          value="30"
        >
          30 miles
        </option>
        <option
          value="40"
        >
          40 miles
        </option>
        <option
          value="50"
        >
          50 miles
        </option>
      </select>
    </div>
    <button
      type="submit"
    >
      Search
    </button>
  </form>
</div>
`;

exports[`SearchPage should match snapshot when loading is true 1`] = `
<div
  className="SearchPage"
>
  <div
    className="spinner-container"
  >
    <img
      alt="Loading Spinner"
      className="loading"
      src="https://i.redd.it/o6m7b0l6h6pz.gif"
    />
  </div>
</div>
`;
