// Jest Snapshot v1, https://goo.gl/fbAQLP

exports[`SearchPage should match snapshot 1`] = `
<div>
  <form
    className="SearchPage"
    onSubmit={[Function]}
  >
    <input
      className="search-input"
      name="zipcode"
      onChange={[Function]}
      placeholder="Zipcode..."
      type="text"
      value=""
    />
    <div
      className="distance-holder"
    >
      <select
        className="search-input"
        name="distance"
        onChange={[Function]}
      >
        <option
          value="10"
        >
          10 miles
        </option>
        <option
          value="20"
        >
          20 miles
        </option>
        <option
          value="30"
        >
          30 miles
        </option>
        <option
          value="40"
        >
          40 miles
        </option>
        <option
          value="50"
        >
          50 miles
        </option>
      </select>
    </div>
    <button
      type="submit"
    >
      Use zipcode
    </button>
  </form>
</div>
`;

exports[`SearchPage should match snapshot when loading is true 1`] = `
<div>
  <div
    className="spinner-container"
  >
    <img
      alt="Loading Spinner"
      className="loading"
      src="https://i.redd.it/o6m7b0l6h6pz.gif"
    />
  </div>
</div>
`;
