// Jest Snapshot v1, https://goo.gl/fbAQLP

exports[`LocationPage should match snapshot 1`] = `
<article
  className="LocationPage"
>
  <div
    className="location-info"
  >
    <h3>
      Neighborhood Health
    </h3>
    <p>
      617 S 8th St
       
      <br />
       
      Nashville, TN 37206-3819
    </p>
    <div
      className="link-holder"
    >
      <a
        href="tel:(615)-227-3000"
      >
        <i
          className="fas fa-phone"
        />
        (615)-227-3000
      </a>
      <a
        href="https://gettested.cdc.gov/gettested_redirect/21952"
      >
        <i
          className="fas fa-globe"
        />
        Website
      </a>
    </div>
  </div>
  <Map
    point={
      Object {
        "lat": "36.1678930",
        "lng": "-86.7547047",
      }
    }
  />
</article>
`;
