// Jest Snapshot v1, https://goo.gl/fbAQLP

exports[`Map should match snapshot 1`] = `
<figure
  className="Map"
>
  <GoogleMap
    bootstrapURLKeys={
      Object {
        "key": "AIzaSyDHKnndIp7I8oymrxO0sDwpQUdZvfN1sqc",
      }
    }
    debounced={true}
    defaultCenter={
      Object {
        "lat": 38.9119463,
        "lng": -94.4136213,
      }
    }
    defaultZoom={15}
    distanceToMouse={[Function]}
    googleMapLoader={[Function]}
    heatmap={Object {}}
    heatmapLibrary={false}
    hoverDistance={30}
    layerTypes={Array []}
    options={[Function]}
    style={
      Object {
        "height": "100%",
        "margin": 0,
        "padding": 0,
        "position": "relative",
        "width": "100%",
      }
    }
    yesIWantToUseGoogleMapApiInternals={false}
  >
    <MapPoint
      lat={38.9119463}
      lng={-94.4136213}
    />
  </GoogleMap>
</figure>
`;
